Build with Macros:
  GGML_SYCL_DNNL: no
  GGML_SYCL_F16: yes
  GGML_SYCL_FORCE_MMQ: no
  GGML_SYCL_GRAPH: yes
  GGML_SYCL_GRAPH_EVICTION_TIMEOUT: 10
  GGML_SYCL_SUPPORT_LEVEL_ZERO_API: yes
  GGML_SYCL_SUPPORT_VMM: yes
  GGML_SYCL_FORCE_MMQ: no
  GGML_SYCL_GRAPH: yes
  GGML_SYCL_SUPPORT_LEVEL_ZERO_API: yes
  GGML_SYCL_SUPPORT_VMM: yes
Running with Environment Variables:
  GGML_SYCL_DEBUG: 0
  GGML_SYCL_DEV_DEBUG: 0
  GGML_SYCL_DEV2DEV_MEMCPY: 0 (SYCL API)
  GGML_SYCL_GET_MEM_API: 1 (SYCL API)
  GGML_SYCL_ENABLE_DNN: DNN disabled by compile flag
  GGML_SYCL_FA_ONEDNN: 1
  GGML_SYCL_FA_ONEDNN_MAX_KV: 0
  GGML_SYCL_ENABLE_MKL_FA: 1
  GGML_SYCL_MEMTRACE: 0
  GGML_SYCL_MEMTRACE_STEP: 64
  GGML_SYCL_ENABLE_FLASH_ATTN: 1
  GGML_SYCL_FA_FORCE_VEC_STANDARD: 0
  GGML_SYCL_FA_Q8_GQA_TILE: 0
  GGML_SYCL_FFN_FUSION: 1
  GGML_SYCL_ENABLE_GRAPH: 1
  GGML_SYCL_ENABLE_OPT: 1
  GGML_SYCL_ENABLE_VMM: 1
  GGML_SYCL_ENABLE_FUSION: 1
  GGML_SYCL_PRIORITIZE_DMMV: 0
  GGML_SYCL_USE_ASYNC_MEM_OP: 1
  GGML_SYCL_USE_LEVEL_ZERO_API: 0
  GGML_SYCL_USM_SYSTEM: 0
  GGML_SYCL_ENABLE_GRAPH: 1
  GGML_SYCL_ENABLE_OPT: 1
  GGML_SYCL_XMX_GATHER_TYPES: -1
  GGML_SYCL_ENABLE_VMM: 1
  GGML_SYCL_ENABLE_FUSION: 1
  GGML_SYCL_ENABLE_ESIMD: 1
  GGML_SYCL_MMVQ_WIDE: 1
  GGML_SYCL_PRIORITIZE_DMMV: 0
  GGML_SYCL_USE_ASYNC_MEM_OP: 1
  GGML_SYCL_USE_LEVEL_ZERO_API: 0
  GGML_SYCL_USM_SYSTEM: 0
  GGML_SYCL_ENABLE_HOST_PINNED_MEM: 1
  GGML_SYCL_HOST_PINNED_MEM_2G: 0
  GGML_SYCL_SPARSE_FA: 0
  GGML_SYCL_SPARSE_FA_DEBUG: 0
  GGML_SYCL_SPARSE_FA_MARGIN: 256
Found 1 SYCL devices:
|  |                   |                                       |       |Max    |        |Max  |Global |                     |
|  |                   |                                       |       |compute|Max work|sub  |mem    |                     |
|ID|        Device Type|                                   Name|Version|units  |group   |group|size   |       Driver version|
|--|-------------------|---------------------------------------|-------|-------|--------|-----|-------|---------------------|
| 0| [level_zero:gpu:0]|                Intel Arc A770 Graphics|  12.55|    512|    1024|   32| 16225M|           1.17.39758|
SYCL Optimization Feature:
|ID|        Device Type|Reorder|
|--|-------------------|-------|
| 0| [level_zero:gpu:0]|      Y|
common_params_fit_impl: MoE cache fit selected main-device dense placement with 9537 MiB projected cache capacity for 18600 MiB of routed expert weights (up to 51.3% coverage)
common_params_fit_impl: MoE cache fit device 0 leaves 9537 MiB after reserve; minimum complete pool set is 1024 MiB
[xe-copy-trace] graph=1 name=SYCL0#blk.0.ffn_gate_exps.weight#0 type=12 ne=2048,512,256,1 offset=0 bytes=3539456
[xe-copy-trace] graph=1 name=SYCL0#blk.0.ffn_gate_exps.weight#0 type=12 ne=2048,512,256,1 offset=4128768 bytes=1769984
[xe-copy-trace] graph=1 name=SYCL0#blk.0.ffn_gate_exps.weight#0 type=12 ne=2048,512,256,1 offset=6488064 bytes=1769984
[xe-copy-trace] graph=1 name=SYCL0#blk.0.ffn_gate_exps.weight#0 type=12 ne=2048,512,256,1 offset=8847360 bytes=5308928
[xe-copy-trace] graph=1 name=SYCL0#blk.0.ffn_gate_exps.weight#0 type=12 ne=2048,512,256,1 offset=15335424 bytes=10027520
[xe-copy-trace] graph=1 name=SYCL0#blk.0.ffn_gate_exps.weight#0 type=12 ne=2048,512,256,1 offset=25952256 bytes=3539456
[xe-copy-trace] graph=1 name=SYCL0#blk.0.ffn_gate_exps.weight#0 type=12 ne=2048,512,256,1 offset=30081024 bytes=2359808
[xe-copy-trace] graph=1 name=SYCL0#blk.0.ffn_gate_exps.weight#0 type=12 ne=2048,512,256,1 offset=33030144 bytes=2359808
[xe-copy-trace] graph=1 name=SYCL0#blk.0.ffn_gate_exps.weight#0 type=12 ne=2048,512,256,1 offset=35979264 bytes=4719104
[xe-copy-trace] graph=1 name=SYCL0#blk.0.ffn_gate_exps.weight#0 type=12 ne=2048,512,256,1 offset=41287680 bytes=3539456
[xe-copy-trace] graph=1 name=SYCL0#blk.0.ffn_gate_exps.weight#0 type=12 ne=2048,512,256,1 offset=45416448 bytes=1769984
[xe-copy-trace] graph=1 name=SYCL0#blk.0.ffn_gate_exps.weight#0 type=12 ne=2048,512,256,1 offset=47775744 bytes=8258048
[xe-copy-trace] graph=1 name=SYCL0#blk.0.ffn_gate_exps.weight#0 type=12 ne=2048,512,256,1 offset=57212928 bytes=590336
[xe-copy-trace] graph=1 name=SYCL0#blk.0.ffn_gate_exps.weight#0 type=12 ne=2048,512,256,1 offset=58392576 bytes=1769984
[xe-copy-trace] graph=1 name=SYCL0#blk.0.ffn_gate_exps.weight#0 type=12 ne=2048,512,256,1 offset=60751872 bytes=1769984
[xe-copy-trace] graph=1 name=SYCL0#blk.0.ffn_gate_exps.weight#0 type=12 ne=2048,512,256,1 offset=63111168 bytes=1180160
[xe-copy-trace] graph=1 name=SYCL0#blk.0.ffn_gate_exps.weight#0 type=12 ne=2048,512,256,1 offset=64880640 bytes=1769984
[xe-copy-trace] graph=1 name=SYCL0#blk.0.ffn_gate_exps.weight#0 type=12 ne=2048,512,256,1 offset=67239936 bytes=1180160
[xe-copy-trace] graph=1 name=SYCL0#blk.0.ffn_gate_exps.weight#0 type=12 ne=2048,512,256,1 offset=69009408 bytes=11207168
[xe-copy-trace] graph=1 name=SYCL0#blk.0.ffn_gate_exps.weight#0 type=12 ne=2048,512,256,1 offset=80805888 bytes=1769984
[xe-copy-trace] graph=1 name=SYCL0#blk.0.ffn_gate_exps.weight#0 type=12 ne=2048,512,256,1 offset=83165184 bytes=3539456
[xe-copy-trace] graph=1 name=SYCL0#blk.0.ffn_gate_exps.weight#0 type=12 ne=2048,512,256,1 offset=87293952 bytes=1769984
[xe-copy-trace] graph=1 name=SYCL0#blk.0.ffn_gate_exps.weight#0 type=12 ne=2048,512,256,1 offset=89653248 bytes=3539456
[xe-copy-trace] graph=1 name=SYCL0#blk.0.ffn_gate_exps.weight#0 type=12 ne=2048,512,256,1 offset=94371840 bytes=3539456
[xe-copy-trace] graph=1 name=SYCL0#blk.0.ffn_gate_exps.weight#0 type=12 ne=2048,512,256,1 offset=98500608 bytes=3539456
[xe-copy-trace] graph=1 name=SYCL0#blk.0.ffn_gate_exps.weight#0 type=12 ne=2048,512,256,1 offset=102629376 bytes=9437696
[xe-copy-trace] graph=1 name=SYCL0#blk.0.ffn_gate_exps.weight#0 type=12 ne=2048,512,256,1 offset=112656384 bytes=1769984
[xe-copy-trace] graph=1 name=SYCL0#blk.0.ffn_gate_exps.weight#0 type=12 ne=2048,512,256,1 offset=115015680 bytes=1180160
[xe-copy-trace] graph=1 name=SYCL0#blk.0.ffn_gate_exps.weight#0 type=12 ne=2048,512,256,1 offset=116785152 bytes=4129280
[xe-copy-trace] graph=1 name=SYCL0#blk.0.ffn_gate_exps.weight#0 type=12 ne=2048,512,256,1 offset=122093568 bytes=1769984
[xe-copy-trace] graph=1 name=SYCL0#blk.0.ffn_gate_exps.weight#0 type=12 ne=2048,512,256,1 offset=124452864 bytes=4719104
[xe-copy-trace] graph=1 name=SYCL0#blk.0.ffn_gate_exps.weight#0 type=12 ne=2048,512,256,1 offset=129761280 bytes=2949632
[xe-copy-trace] graph=1 name=SYCL0#blk.0.ffn_gate_exps.weight#0 type=12 ne=2048,512,256,1 offset=133300224 bytes=1180160
[xe-copy-trace] graph=1 name=SYCL0#blk.0.ffn_gate_exps.weight#0 type=12 ne=2048,512,256,1 offset=135069696 bytes=6488576
[xe-copy-trace] graph=1 name=SYCL0#blk.0.ffn_gate_exps.weight#0 type=12 ne=2048,512,256,1 offset=142147584 bytes=5308928
[xe-copy-trace] graph=1 name=SYCL0#blk.0.ffn_gate_exps.weight#0 type=12 ne=2048,512,256,1 offset=148045824 bytes=590336
[xe-copy-trace] graph=1 name=SYCL0#blk.0.ffn_gate_exps.weight#0 type=12 ne=2048,512,256,1 offset=149815296 bytes=1179648
[xe-copy-trace] graph=1 name=SYCL0#blk.0.ffn_up_exps.weight#0 type=12 ne=2048,512,256,1 offset=0 bytes=3539456
[xe-copy-trace] graph=1 name=SYCL0#blk.0.ffn_up_exps.weight#0 type=12 ne=2048,512,256,1 offset=4128768 bytes=1769984
[xe-copy-trace] graph=1 name=SYCL0#blk.0.ffn_up_exps.weight#0 type=12 ne=2048,512,256,1 offset=6488064 bytes=1769984
[xe-copy-trace] graph=1 name=SYCL0#blk.0.ffn_up_exps.weight#0 type=12 ne=2048,512,256,1 offset=8847360 bytes=5308928
[xe-copy-trace] graph=1 name=SYCL0#blk.0.ffn_up_exps.weight#0 type=12 ne=2048,512,256,1 offset=15335424 bytes=10027520
[xe-copy-trace] graph=1 name=SYCL0#blk.0.ffn_up_exps.weight#0 type=12 ne=2048,512,256,1 offset=25952256 bytes=3539456
[xe-copy-trace] graph=1 name=SYCL0#blk.0.ffn_up_exps.weight#0 type=12 ne=2048,512,256,1 offset=30081024 bytes=2359808
[xe-copy-trace] graph=1 name=SYCL0#blk.0.ffn_up_exps.weight#0 type=12 ne=2048,512,256,1 offset=33030144 bytes=2359808
[xe-copy-trace] graph=1 name=SYCL0#blk.0.ffn_up_exps.weight#0 type=12 ne=2048,512,256,1 offset=35979264 bytes=4719104
[xe-copy-trace] graph=1 name=SYCL0#blk.0.ffn_up_exps.weight#0 type=12 ne=2048,512,256,1 offset=41287680 bytes=3539456
[xe-copy-trace] graph=1 name=SYCL0#blk.0.ffn_up_exps.weight#0 type=12 ne=2048,512,256,1 offset=45416448 bytes=1769984
[xe-copy-trace] graph=1 name=SYCL0#blk.0.ffn_up_exps.weight#0 type=12 ne=2048,512,256,1 offset=47775744 bytes=8258048
[xe-copy-trace] graph=1 name=SYCL0#blk.0.ffn_up_exps.weight#0 type=12 ne=2048,512,256,1 offset=57212928 bytes=590336
[xe-copy-trace] graph=1 name=SYCL0#blk.0.ffn_up_exps.weight#0 type=12 ne=2048,512,256,1 offset=58392576 bytes=1769984
[xe-copy-trace] graph=1 name=SYCL0#blk.0.ffn_up_exps.weight#0 type=12 ne=2048,512,256,1 offset=60751872 bytes=1769984
[xe-copy-trace] graph=1 name=SYCL0#blk.0.ffn_up_exps.weight#0 type=12 ne=2048,512,256,1 offset=63111168 bytes=1180160
[xe-copy-trace] graph=1 name=SYCL0#blk.0.ffn_up_exps.weight#0 type=12 ne=2048,512,256,1 offset=64880640 bytes=1769984
[xe-copy-trace] graph=1 name=SYCL0#blk.0.ffn_up_exps.weight#0 type=12 ne=2048,512,256,1 offset=67239936 bytes=1180160
[xe-copy-trace] graph=1 name=SYCL0#blk.0.ffn_up_exps.weight#0 type=12 ne=2048,512,256,1 offset=69009408 bytes=11207168
[xe-copy-trace] graph=1 name=SYCL0#blk.0.ffn_up_exps.weight#0 type=12 ne=2048,512,256,1 offset=80805888 bytes=1769984
[xe-copy-trace] graph=1 name=SYCL0#blk.0.ffn_up_exps.weight#0 type=12 ne=2048,512,256,1 offset=83165184 bytes=3539456
[xe-copy-trace] graph=1 name=SYCL0#blk.0.ffn_up_exps.weight#0 type=12 ne=2048,512,256,1 offset=87293952 bytes=1769984
[xe-copy-trace] graph=1 name=SYCL0#blk.0.ffn_up_exps.weight#0 type=12 ne=2048,512,256,1 offset=89653248 bytes=3539456
[xe-copy-trace] graph=1 name=SYCL0#blk.0.ffn_up_exps.weight#0 type=12 ne=2048,512,256,1 offset=94371840 bytes=3539456
[xe-copy-trace] graph=1 name=SYCL0#blk.0.ffn_up_exps.weight#0 type=12 ne=2048,512,256,1 offset=98500608 bytes=3539456
[xe-copy-trace] graph=1 name=SYCL0#blk.0.ffn_up_exps.weight#0 type=12 ne=2048,512,256,1 offset=102629376 bytes=9437696
[xe-copy-trace] graph=1 name=SYCL0#blk.0.ffn_up_exps.weight#0 type=12 ne=2048,512,256,1 offset=112656384 bytes=1769984
