Build with Macros:
  GGML_SYCL_DNNL: no
  GGML_SYCL_F16: yes
  GGML_SYCL_FORCE_MMQ: no
  GGML_SYCL_GRAPH: yes
  GGML_SYCL_GRAPH_EVICTION_TIMEOUT: 10
  GGML_SYCL_SUPPORT_LEVEL_ZERO_API: yes
  GGML_SYCL_SUPPORT_VMM: yes
  GGML_SYCL_FORCE_MMQ: no
  GGML_SYCL_GRAPH: yes
  GGML_SYCL_SUPPORT_LEVEL_ZERO_API: yes
  GGML_SYCL_SUPPORT_VMM: yes
Running with Environment Variables:
  GGML_SYCL_DEBUG: 0
  GGML_SYCL_DEV_DEBUG: 0
  GGML_SYCL_DEV2DEV_MEMCPY: 0 (SYCL API)
  GGML_SYCL_GET_MEM_API: 1 (SYCL API)
  GGML_SYCL_ENABLE_DNN: DNN disabled by compile flag
  GGML_SYCL_FA_ONEDNN: 1
  GGML_SYCL_FA_ONEDNN_MAX_KV: 0
  GGML_SYCL_ENABLE_MKL_FA: 1
  GGML_SYCL_MEMTRACE: 0
  GGML_SYCL_MEMTRACE_STEP: 64
  GGML_SYCL_ENABLE_FLASH_ATTN: 1
  GGML_SYCL_FA_FORCE_VEC_STANDARD: 0
  GGML_SYCL_FA_Q8_GQA_TILE: 0
  GGML_SYCL_FFN_FUSION: 1
  GGML_SYCL_ENABLE_GRAPH: 1
  GGML_SYCL_ENABLE_OPT: 1
  GGML_SYCL_ENABLE_VMM: 1
  GGML_SYCL_ENABLE_FUSION: 1
  GGML_SYCL_PRIORITIZE_DMMV: 0
  GGML_SYCL_USE_ASYNC_MEM_OP: 1
  GGML_SYCL_USE_LEVEL_ZERO_API: 0
  GGML_SYCL_USM_SYSTEM: 0
  GGML_SYCL_ENABLE_GRAPH: 1
  GGML_SYCL_ENABLE_OPT: 1
  GGML_SYCL_XMX_GATHER_TYPES: -1
  GGML_SYCL_ENABLE_VMM: 1
  GGML_SYCL_ENABLE_FUSION: 1
  GGML_SYCL_ENABLE_ESIMD: 1
  GGML_SYCL_MMVQ_WIDE: 1
  GGML_SYCL_PRIORITIZE_DMMV: 0
  GGML_SYCL_USE_ASYNC_MEM_OP: 1
  GGML_SYCL_USE_LEVEL_ZERO_API: 0
  GGML_SYCL_USM_SYSTEM: 0
  GGML_SYCL_ENABLE_HOST_PINNED_MEM: 1
  GGML_SYCL_HOST_PINNED_MEM_2G: 0
  GGML_SYCL_SPARSE_FA: 0
  GGML_SYCL_SPARSE_FA_DEBUG: 0
  GGML_SYCL_SPARSE_FA_MARGIN: 256
Found 1 SYCL devices:
|  |                   |                                       |       |Max    |        |Max  |Global |                     |
|  |                   |                                       |       |compute|Max work|sub  |mem    |                     |
|ID|        Device Type|                                   Name|Version|units  |group   |group|size   |       Driver version|
|--|-------------------|---------------------------------------|-------|-------|--------|-----|-------|---------------------|
| 0| [level_zero:gpu:0]|                Intel Arc A770 Graphics|  12.55|    512|    1024|   32| 16225M|           1.17.39758|
SYCL Optimization Feature:
|ID|        Device Type|Reorder|
|--|-------------------|-------|
| 0| [level_zero:gpu:0]|      Y|
common_moe_cache_plan_fit: MoE cache fit: too few devices can hold the minimum expert pools (useful=0, min=1, min_device_bytes=89 MiB)
common_params_fit_impl: MoE cache soft mode: spare-VRAM insufficient (too few devices can hold the minimum expert pools), searching for minimum expert eviction
common_moe_cache_plan_fit: MoE cache fit: too few devices can hold the minimum expert pools (useful=0, min=1, min_device_bytes=89 MiB)
common_moe_cache_plan_fit: MoE cache fit: too few devices can hold the minimum expert pools (useful=0, min=1, min_device_bytes=89 MiB)
common_params_fit_impl: MoE cache soft mode selected partial-eviction placement: 18/41 layers keep experts GPU-resident, 9636 MiB of 18600 MiB routed expert bytes evicted (8964 MiB kept), 573 MiB projected cache capacity (up to 3.1% coverage)
common_params_fit_impl: MoE cache fit device 0 leaves 573 MiB after reserve; minimum complete pool set is 89 MiB
common_moe_cache_plan_fit: MoE cache fit: too few devices can hold the minimum expert pools (useful=0, min=1, min_device_bytes=89 MiB)
common_params_fit_impl: MoE cache soft mode: spare-VRAM insufficient (too few devices can hold the minimum expert pools), searching for minimum expert eviction
common_moe_cache_plan_fit: MoE cache fit: too few devices can hold the minimum expert pools (useful=0, min=1, min_device_bytes=89 MiB)
common_params_fit_impl: MoE cache soft mode selected partial-eviction placement: 20/41 layers keep experts GPU-resident, 8640 MiB of 18600 MiB routed expert bytes evicted (9960 MiB kept), 359 MiB projected cache capacity (up to 1.9% coverage)
common_params_fit_impl: MoE cache fit device 0 leaves 359 MiB after reserve; minimum complete pool set is 89 MiB
common_moe_cache_plan_fit: MoE cache fit: too few devices can hold the minimum expert pools (useful=0, min=1, min_device_bytes=89 MiB)
common_params_fit_impl: MoE cache soft mode: spare-VRAM insufficient (too few devices can hold the minimum expert pools), searching for minimum expert eviction
common_moe_cache_plan_fit: MoE cache fit: too few devices can hold the minimum expert pools (useful=0, min=1, min_device_bytes=89 MiB)
common_moe_cache_plan_fit: MoE cache fit: too few devices can hold the minimum expert pools (useful=0, min=1, min_device_bytes=89 MiB)
common_params_fit_impl: MoE cache soft mode selected partial-eviction placement: 18/41 layers keep experts GPU-resident, 9636 MiB of 18600 MiB routed expert bytes evicted (8964 MiB kept), 488 MiB projected cache capacity (up to 2.6% coverage)
common_params_fit_impl: MoE cache fit device 0 leaves 488 MiB after reserve; minimum complete pool set is 89 MiB
common_moe_cache_plan_fit: MoE cache fit: too few devices can hold the minimum expert pools (useful=0, min=1, min_device_bytes=89 MiB)
common_params_fit_impl: MoE cache soft mode: spare-VRAM insufficient (too few devices can hold the minimum expert pools), searching for minimum expert eviction
common_moe_cache_plan_fit: MoE cache fit: too few devices can hold the minimum expert pools (useful=0, min=1, min_device_bytes=89 MiB)
common_moe_cache_plan_fit: MoE cache fit: too few devices can hold the minimum expert pools (useful=0, min=1, min_device_bytes=89 MiB)
common_params_fit_impl: MoE cache soft mode selected partial-eviction placement: 18/41 layers keep experts GPU-resident, 9636 MiB of 18600 MiB routed expert bytes evicted (8964 MiB kept), 491 MiB projected cache capacity (up to 2.6% coverage)
common_params_fit_impl: MoE cache fit device 0 leaves 491 MiB after reserve; minimum complete pool set is 89 MiB
