ggml_sycl_apply_xe_kmd_defaults_in: disabled by GGML_SYCL_XE_COPY_ENGINE_DEFAULT=0
Build with Macros:
  GGML_SYCL_DNNL: no
  GGML_SYCL_F16: yes
  GGML_SYCL_FORCE_MMQ: no
  GGML_SYCL_GRAPH: yes
  GGML_SYCL_GRAPH_EVICTION_TIMEOUT: 300
  GGML_SYCL_SUPPORT_LEVEL_ZERO_API: yes
  GGML_SYCL_SUPPORT_VMM: yes
  GGML_SYCL_FORCE_MMQ: no
  GGML_SYCL_GRAPH: yes
  GGML_SYCL_SUPPORT_LEVEL_ZERO_API: yes
  GGML_SYCL_SUPPORT_VMM: yes
Running with Environment Variables:
  GGML_SYCL_DEBUG: 0
  GGML_SYCL_DEV_DEBUG: 0
  GGML_SYCL_DEV2DEV_MEMCPY: 0 (SYCL API)
  GGML_SYCL_GET_MEM_API: 1 (SYCL API)
  GGML_SYCL_ENABLE_DNN: DNN disabled by compile flag
  GGML_SYCL_FA_ONEDNN: 1
  GGML_SYCL_FA_ONEDNN_MAX_KV: 0
  GGML_SYCL_ENABLE_MKL_FA: 1
  GGML_SYCL_MEMTRACE: 0
  GGML_SYCL_MEMTRACE_STEP: 64
  GGML_SYCL_ENABLE_FLASH_ATTN: 1
  GGML_SYCL_FA_FORCE_VEC_STANDARD: 0
  GGML_SYCL_FA_LARGE_GRF: 1 (effective mode; 256-GRF FA variants compiled: 1)
  GGML_SYCL_FA_Q8_GQA_TILE: 0
  GGML_SYCL_FFN_FUSION: 1
  GGML_SYCL_ENABLE_GRAPH: 1
  GGML_SYCL_ENABLE_OPT: 1
  GGML_SYCL_ENABLE_VMM: 1
  GGML_SYCL_ENABLE_FUSION: 1
  GGML_SYCL_PRIORITIZE_DMMV: 0
  GGML_SYCL_USE_ASYNC_MEM_OP: 1
  GGML_SYCL_USE_LEVEL_ZERO_API: 0
  GGML_SYCL_USM_SYSTEM: 0
  GGML_SYCL_ENABLE_GRAPH: 1
  GGML_SYCL_ENABLE_OPT: 1
  GGML_SYCL_XMX_GATHER_REQUESTED: AUTO
  GGML_SYCL_XMX_GATHER_EFFECTIVE: OFF
  GGML_SYCL_XMX_GATHER_TYPES: XMX gather GEMMs disabled by compile flag
  GGML_SYCL_ENABLE_VMM: 1
  GGML_SYCL_ENABLE_FUSION: 1
  GGML_SYCL_ENABLE_ESIMD: 1
  GGML_SYCL_MMVQ_WIDE: 1
  GGML_SYCL_PRIORITIZE_DMMV: 0
  GGML_SYCL_USE_ASYNC_MEM_OP: 1
  GGML_SYCL_USE_LEVEL_ZERO_API: 0
  GGML_SYCL_USM_SYSTEM: 0
  GGML_SYCL_ENABLE_HOST_PINNED_MEM: 1
  GGML_SYCL_HOST_PINNED_MEM_2G: 0
  GGML_SYCL_SPARSE_FA: 0
  GGML_SYCL_SPARSE_FA_DEBUG: 0
  GGML_SYCL_SPARSE_FA_MARGIN: 256
Found 1 SYCL devices:
|  |                   |                                       |       |Max    |        |Max  |Global |                     |
|  |                   |                                       |       |compute|Max work|sub  |mem    |                     |
|ID|        Device Type|                                   Name|Version|units  |group   |group|size   |       Driver version|
|--|-------------------|---------------------------------------|-------|-------|--------|-----|-------|---------------------|
| 0| [level_zero:gpu:0]|                Intel Arc A770 Graphics|  12.55|    512|    1024|   32| 17079M|           1.18.24558|
SYCL Optimization Feature:
|ID|        Device Type|Reorder|
|--|-------------------|-------|
| 0| [level_zero:gpu:0]|      Y|
GGML_SYCL_GRAPH_PROFILE: graph_calls=25 replay_calls=50 gen_rerecords=0 direct_calls=749 nodes=105 record_us=176 finalize_calls=25 finalize_us=5708 update_calls=0 update_fallbacks=0 update_us=0 submit_us=1330 wait_us=3209 direct_enqueue_us=7965569
GGML_SYCL_FFN_FUSION_PROFILE: graph_calls=824 glu_nodes=2836 structural_matches=1544 eligible_matches=1544 decode_eligible_matches=152 batched_eligible_matches=1392 reject_not_mul_mat=0 reject_src_mismatch=0 reject_glu_op=0 reject_type=0 reject_shape=0 reject_non_contig=0
