 2545 1862 521 1862 518 1857 519 6183
 1636 26033

 1862
 2019
 2606
 1517
 1518
 2040
 2993
 7909
 22292 3316
 37510 3316
 22292 6053
 37510 6053
 37510 6053 1520
 22292 1531 3316 1520
 37510 1531 3316 1520
 2281 2095 1862 501 420 427 414 1533 48908
 1596 517 565 1862 524 1593 5478 57692 39931 8174 18954
 38968 1773 1762 35605 1862 469 406 1774 1759 1751 1748 1764 1765 38470
 486 419 389 486 419 443 486 419 408 486 420 400 486 419 404 486 420 391 486 419 411 486 419 444 486 419 420 486 420 390 486 419 420 486 419 423 486 419 443 486 419 394 486 419 390 486 419 416 486 419 394 486 420 390 486 419 398
 501 420 415 389 2135 14517 1528 1862 501 420 413 443 487 389 402 501 420 401 432 500 445 404 2135 53451 3289 32781 2035 4559 2624 2494 1528 1862 487 417 394 2135 12234 3289 1588 14196 2148 2481 2882 3261 14936 1528
 22292
 37510
 2019 22292
 2606 22292
 2026 22292
 2026 22292 1518 2026 22292
 2135
 1518 2184
 1526 15643
 22292 1531 2126 61712 1520 3645 2228 2147 1862 501 420 413 390 4574 1960 491 392 440 1937 29969 490 444 426 1912 648 932 518 490 425 430 1603
 12931 4477
 520
 550
 850
 850 520
 850 550
 850 850
 850 850 520
 850 850 550
 850 850 850
 1544 486 448 434 1574 53206 486 448 396 1593
 3556 4432
 1518 4074 16112 1862 3905 8394 7909 8070 25523 7140 40525 501 420 415 389 2135 14517 1528 1862 501 420 413 443 487 389 402 501 420 401 432 500 445 404 2135 53451 3289 32781 2035 4559 2624 2494 1528 1862 487 417 394 1862 501 420 427 414 501 420 427 414 1862 520 1862 550 1862 850 1862 850 520 1862 850 550 1862 850 850 1862 850 850 520 1862 850 850 550 1862 520 1533 520 1862 520 2203 520 1862 520 2608 520 1862 486 419 389 486 419 443 486 419 408 486 420 400 486 419 404 486 420 391 486 419 411 486 419 444 486 419 420 486 420 390 486 419 420 486 419 423 486 419 443 486 419 394 501 420 413 390 4574 1960 491 392 440 1937 29969 490 444 426 1912 648 932 518 490 425 430 1603 1862 37891 18145 1538 56279 1773 1762 35605 1862 469 406 1774 1759 1751 1748 1764 1765 38470 2450 8414 29666 38108 11507 6248 6248 28527 12931 4477 32843 8188 2084 3808 2708 2450 1593 2758 2254 2287 2551 1531 2450 2916 2147 4044 1540 2450 1554 2268 4044 2084 4233 2856 2167 1531 2450 1545 2147 2569 2538 16941 1540 2534 1526 39861 2024 1526 1585 1553
